Nothing to build in platform 'CAT'

12:56:30 **** Incremental Build of configuration Debug for project Convolutional_Acceleration ****
make all 
C:/Xilinx/Vitis/2022.2/gnuwin/bin/make --no-print-directory pre-build
a9-linaro-pre-build-step
' '
C:/Xilinx/Vitis/2022.2/gnuwin/bin/make --no-print-directory main-build
'Building file: ../src/display_controller/display_controller.cpp'
'Invoking: ARM v7 g++ compiler'
arm-none-eabi-g++ -Wall -O0 -g3 -c -fmessage-length=0 -MT"src/display_controller/display_controller.o" -mcpu=cortex-a9 -mfpu=vfpv3 -mfloat-abi=hard -IC:/git/erts2022/vitis/CAT/export/CAT/sw/CAT/standalone_domain/bspinclude/include -MMD -MP -MF"src/display_controller/display_controller.d" -MT"src/display_controller/display_controller.o" -o "src/display_controller/display_controller.o" "../src/display_controller/display_controller.cpp"
'Finished building: ../src/display_controller/display_controller.cpp'
' '
'Building target: Convolutional_Acceleration.elf'
'Invoking: ARM v7 g++ linker'
arm-none-eabi-g++ -mcpu=cortex-a9 -mfpu=vfpv3 -mfloat-abi=hard -Wl,-build-id=none -specs=Xilinx.spec -Wl,-T -Wl,../src/lscript.ld -LC:/git/erts2022/vitis/CAT/export/CAT/sw/CAT/standalone_domain/bsplib/lib -o "Convolutional_Acceleration.elf"  ./src/video_capture/video_capture.o ./src/video_capture/video_capture_connected.o ./src/video_capture/video_capture_disconnected.o ./src/video_capture/video_capture_paused.o ./src/video_capture/video_capture_state.o ./src/video_capture/video_capture_streaming.o  ./src/interrupt_controller/interrupt_controller.o  ./src/dynclk/dynclk.o  ./src/display_controller/display_controller.o ./src/display_controller/display_controller_state.o ./src/display_controller/display_running.o ./src/display_controller/display_stopped.o  ./src/main.o   -Wl,--start-group,-lxil,-lgcc,-lc,-lstdc++,--end-group
'Finished building target: Convolutional_Acceleration.elf'
' '
'Invoking: ARM v7 Print Size'
arm-none-eabi-size Convolutional_Acceleration.elf  |tee "Convolutional_Acceleration.elf.size"
   text	   data	    bss	    dec	    hex	filename
 139587	   3544	18685136	18828267	11f4beb	Convolutional_Acceleration.elf
'Finished building: Convolutional_Acceleration.elf.size'
' '
