

================================================================
== Vivado HLS Report for 'rgb2yuv'
================================================================
* Date:           Sun Oct  9 14:05:08 2022

* Version:        2017.2 (Build 1909853 on Thu Jun 15 18:55:24 MDT 2017)
* Project:        yuv_filter.prj
* Solution:       solution2
* Product family: zynq
* Target device:  xc7z010clg400-1


================================================================
== Performance Estimates
================================================================
+ Timing (ns): 
    * Summary: 
    +--------+-------+----------+------------+
    |  Clock | Target| Estimated| Uncertainty|
    +--------+-------+----------+------------+
    |ap_clk  |   8.00|      8.77|        1.00|
    +--------+-------+----------+------------+

+ Latency (clock cycles): 
    * Summary: 
    +-------+---------+-------+---------+---------+
    |     Latency     |     Interval    | Pipeline|
    |  min  |   max   |  min  |   max   |   Type  |
    +-------+---------+-------+---------+---------+
    |  40010|  2457610|  40010|  2457610|   none  |
    +-------+---------+-------+---------+---------+

    + Detail: 
        * Instance: 
        N/A

        * Loop: 
        +---------------------------------+-------+---------+----------+-----------+-----------+-----------------+----------+
        |                                 |     Latency     | Iteration|  Initiation Interval  |       Trip      |          |
        |            Loop Name            |  min  |   max   |  Latency |  achieved |   target  |      Count      | Pipelined|
        +---------------------------------+-------+---------+----------+-----------+-----------+-----------------+----------+
        |- RGB2YUV_LOOP_X_RGB2YUV_LOOP_Y  |  40008|  2457608|        10|          1|          1| 40000 ~ 2457600 |    yes   |
        +---------------------------------+-------+---------+----------+-----------+-----------+-----------------+----------+



================================================================
== Utilization Estimates
================================================================
* Summary: 
+-----------------+---------+-------+-------+-------+
|       Name      | BRAM_18K| DSP48E|   FF  |  LUT  |
+-----------------+---------+-------+-------+-------+
|DSP              |        -|      4|      -|      -|
|Expression       |        -|      0|    468|    572|
|FIFO             |        -|      -|      -|      -|
|Instance         |        -|      -|      -|      -|
|Memory           |        -|      -|      -|      -|
|Multiplexer      |        -|      -|      -|     84|
|Register         |        -|      -|    474|     64|
+-----------------+---------+-------+-------+-------+
|Total            |        0|      4|    942|    720|
+-----------------+---------+-------+-------+-------+
|Available        |      120|     80|  35200|  17600|
+-----------------+---------+-------+-------+-------+
|Utilization (%)  |        0|      5|      2|      4|
+-----------------+---------+-------+-------+-------+

+ Detail: 
    * Instance: 
    N/A

    * DSP48: 
    +-------------------------+----------------------+--------------+
    |         Instance        |        Module        |  Expression  |
    +-------------------------+----------------------+--------------+
    |yuv_filter_mac_mucud_U1  |yuv_filter_mac_mucud  | i0 + i1 * i2 |
    |yuv_filter_mac_mudEe_U2  |yuv_filter_mac_mudEe  | i0 * i1 + i2 |
    |yuv_filter_mac_mueOg_U3  |yuv_filter_mac_mueOg  | i0 + i1 * i2 |
    |yuv_filter_mul_mubkb_U0  |yuv_filter_mul_mubkb  |    i0 * i1   |
    +-------------------------+----------------------+--------------+

    * Memory: 
    N/A

    * FIFO: 
    N/A

    * Expression: 
    +-------------------------------+----------+-------+-----+----+------------+------------+
    |         Variable Name         | Operation| DSP48E|  FF | LUT| Bitwidth P0| Bitwidth P1|
    +-------------------------------+----------+-------+-----+----+------------+------------+
    |tmp_25_fu_401_p2               |     *    |      0|    0|  62|           8|           8|
    |tmp_29_fu_439_p2               |     *    |      0|    0|  62|           7|           8|
    |indvar_flatten_next_fu_230_p2  |     +    |      0|  101|  37|          32|           1|
    |out_channels_ch1_d0            |     +    |      0|   29|  13|           5|           8|
    |tmp1_fu_373_p2                 |     +    |      0|    0|  23|          16|          16|
    |tmp2_fu_363_p2                 |     +    |      0|   50|  20|          15|          15|
    |tmp4_fu_315_p2                 |     +    |      0|   32|  14|           8|           9|
    |tmp6_fu_487_p2                 |     +    |      0|    0|  23|           8|          16|
    |tmp8_fu_472_p2                 |     +    |      0|    0|  23|           8|          14|
    |tmp_19_fu_294_p2               |     +    |      0|    0|  23|          23|          23|
    |tmp_22_fu_385_p2               |     +    |      0|    0|  23|          16|          16|
    |tmp_27_fu_492_p2               |     +    |      0|    0|  23|          16|          16|
    |tmp_32_fu_510_p2               |     +    |      0|   53|  21|          16|          16|
    |tmp_s_fu_285_p2                |     +    |      0|    0|  23|          23|          23|
    |x_3_fu_236_p2                  |     +    |      0|   53|  21|           1|          16|
    |y_3_fu_300_p2                  |     +    |      0|   53|  21|           1|          16|
    |p_neg_fu_445_p2                |     -    |      0|   44|  18|           1|          13|
    |tmp_26_fu_433_p2               |     -    |      0|   53|  21|          16|          16|
    |tmp_31_fu_466_p2               |     -    |      0|    0|  23|          14|          14|
    |exitcond9_fu_242_p2            |   icmp   |      0|    0|   8|          16|          16|
    |exitcond_flatten_fu_225_p2     |   icmp   |      0|    0|  16|          32|          32|
    |tmp_mid2_v_fu_255_p3           |  select  |      0|    0|  16|           1|          16|
    |y_mid2_fu_247_p3               |  select  |      0|    0|  16|           1|           1|
    |ap_enable_pp0                  |    xor   |      0|    0|   2|           1|           2|
    |ap_enable_reg_pp0_iter1        |    xor   |      0|    0|   2|           1|           2|
    |out_channels_ch2_d0            |    xor   |      0|    0|   9|           8|           9|
    |out_channels_ch3_d0            |    xor   |      0|    0|   9|           8|           9|
    +-------------------------------+----------+-------+-----+----+------------+------------+
    |Total                          |          |      0|  468| 572|         302|         351|
    +-------------------------------+----------+-------+-----+----+------------+------------+

    * Multiplexer: 
    +-------------------------+----+-----------+-----+-----------+
    |           Name          | LUT| Input Size| Bits| Total Bits|
    +-------------------------+----+-----------+-----+-----------+
    |ap_NS_fsm                |  21|          4|    1|          4|
    |ap_enable_reg_pp0_iter1  |   9|          2|    1|          2|
    |ap_enable_reg_pp0_iter9  |   9|          2|    1|          2|
    |indvar_flatten_reg_184   |   9|          2|   32|         64|
    |x_phi_fu_199_p4          |   9|          2|   16|         32|
    |x_reg_195                |   9|          2|   16|         32|
    |y_phi_fu_210_p4          |   9|          2|   16|         32|
    |y_reg_206                |   9|          2|   16|         32|
    +-------------------------+----+-----------+-----+-----------+
    |Total                    |  84|         18|   99|        200|
    +-------------------------+----+-----------+-----+-----------+

    * Register: 
    +----------------------------+----+----+-----+-----------+
    |            Name            | FF | LUT| Bits| Const Bits|
    +----------------------------+----+----+-----+-----------+
    |B_reg_669                   |   8|   0|    8|          0|
    |G_reg_663                   |   8|   0|    8|          0|
    |R_reg_655                   |   8|   0|    8|          0|
    |ap_CS_fsm                   |   3|   0|    3|          0|
    |ap_enable_reg_pp0_iter0     |   1|   0|    1|          0|
    |ap_enable_reg_pp0_iter1     |   1|   0|    1|          0|
    |ap_enable_reg_pp0_iter2     |   1|   0|    1|          0|
    |ap_enable_reg_pp0_iter3     |   1|   0|    1|          0|
    |ap_enable_reg_pp0_iter4     |   1|   0|    1|          0|
    |ap_enable_reg_pp0_iter5     |   1|   0|    1|          0|
    |ap_enable_reg_pp0_iter6     |   1|   0|    1|          0|
    |ap_enable_reg_pp0_iter7     |   1|   0|    1|          0|
    |ap_enable_reg_pp0_iter8     |   1|   0|    1|          0|
    |ap_enable_reg_pp0_iter9     |   1|   0|    1|          0|
    |ap_reg_pp0_iter6_R_reg_655  |   8|   0|    8|          0|
    |bound_reg_588               |  32|   0|   32|          0|
    |exitcond_flatten_reg_593    |   1|   0|    1|          0|
    |indvar_flatten_reg_184      |  32|   0|   32|          0|
    |tmp4_reg_677                |   9|   0|    9|          0|
    |tmp8_reg_707                |  13|   0|   14|          1|
    |tmp_19_reg_623              |  23|   0|   23|          0|
    |tmp_21_reg_618              |  15|   0|   15|          0|
    |tmp_23_reg_687              |   8|   0|    8|          0|
    |tmp_25_reg_692              |  16|   0|   16|          0|
    |tmp_26_reg_697              |  12|   0|   16|          4|
    |tmp_28_reg_722              |   8|   0|    8|          0|
    |tmp_29_reg_702              |  16|   0|   16|          0|
    |tmp_33_reg_727              |   8|   0|    8|          0|
    |tmp_42_cast1_reg_682        |   8|   0|   16|          8|
    |tmp_42_cast_reg_633         |  23|   0|   32|          9|
    |tmp_mid2_v_reg_608          |  16|   0|   16|          0|
    |tmp_reg_613                 |  13|   0|   13|          0|
    |x_reg_195                   |  16|   0|   16|          0|
    |y_mid2_reg_602              |  16|   0|   16|          0|
    |y_reg_206                   |  16|   0|   16|          0|
    |exitcond_flatten_reg_593    |  64|  32|    1|          0|
    |tmp_42_cast_reg_633         |  64|  32|   32|          9|
    +----------------------------+----+----+-----+-----------+
    |Total                       | 474|  64|  401|         31|
    +----------------------------+----+----+-----+-----------+



================================================================
== Interface
================================================================
* Summary: 
+---------------------------+-----+-----+------------+------------------+--------------+
|         RTL Ports         | Dir | Bits|  Protocol  |   Source Object  |    C Type    |
+---------------------------+-----+-----+------------+------------------+--------------+
|ap_clk                     |  in |    1| ap_ctrl_hs |      rgb2yuv     | return value |
|ap_rst                     |  in |    1| ap_ctrl_hs |      rgb2yuv     | return value |
|ap_start                   |  in |    1| ap_ctrl_hs |      rgb2yuv     | return value |
|ap_done                    | out |    1| ap_ctrl_hs |      rgb2yuv     | return value |
|ap_idle                    | out |    1| ap_ctrl_hs |      rgb2yuv     | return value |
|ap_ready                   | out |    1| ap_ctrl_hs |      rgb2yuv     | return value |
|ap_return_0                | out |   16| ap_ctrl_hs |      rgb2yuv     | return value |
|ap_return_1                | out |   16| ap_ctrl_hs |      rgb2yuv     | return value |
|in_channels_ch1_address0   | out |   22|  ap_memory |  in_channels_ch1 |     array    |
|in_channels_ch1_ce0        | out |    1|  ap_memory |  in_channels_ch1 |     array    |
|in_channels_ch1_q0         |  in |    8|  ap_memory |  in_channels_ch1 |     array    |
|in_channels_ch2_address0   | out |   22|  ap_memory |  in_channels_ch2 |     array    |
|in_channels_ch2_ce0        | out |    1|  ap_memory |  in_channels_ch2 |     array    |
|in_channels_ch2_q0         |  in |    8|  ap_memory |  in_channels_ch2 |     array    |
|in_channels_ch3_address0   | out |   22|  ap_memory |  in_channels_ch3 |     array    |
|in_channels_ch3_ce0        | out |    1|  ap_memory |  in_channels_ch3 |     array    |
|in_channels_ch3_q0         |  in |    8|  ap_memory |  in_channels_ch3 |     array    |
|in_width_read              |  in |   16|   ap_none  |   in_width_read  |    scalar    |
|in_height_read             |  in |   16|   ap_none  |  in_height_read  |    scalar    |
|out_channels_ch1_address0  | out |   22|  ap_memory | out_channels_ch1 |     array    |
|out_channels_ch1_ce0       | out |    1|  ap_memory | out_channels_ch1 |     array    |
|out_channels_ch1_we0       | out |    1|  ap_memory | out_channels_ch1 |     array    |
|out_channels_ch1_d0        | out |    8|  ap_memory | out_channels_ch1 |     array    |
|out_channels_ch2_address0  | out |   22|  ap_memory | out_channels_ch2 |     array    |
|out_channels_ch2_ce0       | out |    1|  ap_memory | out_channels_ch2 |     array    |
|out_channels_ch2_we0       | out |    1|  ap_memory | out_channels_ch2 |     array    |
|out_channels_ch2_d0        | out |    8|  ap_memory | out_channels_ch2 |     array    |
|out_channels_ch3_address0  | out |   22|  ap_memory | out_channels_ch3 |     array    |
|out_channels_ch3_ce0       | out |    1|  ap_memory | out_channels_ch3 |     array    |
|out_channels_ch3_we0       | out |    1|  ap_memory | out_channels_ch3 |     array    |
|out_channels_ch3_d0        | out |    8|  ap_memory | out_channels_ch3 |     array    |
+---------------------------+-----+-----+------------+------------------+--------------+

