11:42:16 **** Auto Build of configuration Debug for project ex4 ****
make pre-build main-build 
a9-linaro-pre-build-step
' '
'Building file: ../src/helloworld.c'
'Invoking: ARM v7 gcc compiler'
arm-none-eabi-gcc -Wall -O0 -g3 -c -fmessage-length=0 -MT"src/helloworld.o" -mcpu=cortex-a9 -mfpu=vfpv3 -mfloat-abi=hard -I../../ex4_bsp/ps7_cortexa9_0/include -MMD -MP -MF"src/helloworld.d" -MT"src/helloworld.o" -o "src/helloworld.o" "../src/helloworld.c"
../src/helloworld.c: In function 'main':
../src/helloworld.c:64:9: warning: variable 'skip' set but not used [-Wunused-but-set-variable]
    char skip;
         ^~~~
'Finished building: ../src/helloworld.c'
' '
'Building target: ex4.elf'
'Invoking: ARM v7 gcc linker'
arm-none-eabi-gcc -mcpu=cortex-a9 -mfpu=vfpv3 -mfloat-abi=hard -Wl,-build-id=none -specs=Xilinx.spec -Wl,-T -Wl,../src/lscript.ld -L../../ex4_bsp/ps7_cortexa9_0/lib -o "ex4.elf"  ./src/helloworld.o ./src/platform.o   -Wl,--start-group,-lxil,-lgcc,-lc,--end-group
'Finished building target: ex4.elf'
' '
'Invoking: ARM v7 Print Size'
arm-none-eabi-size ex4.elf  |tee "ex4.elf.size"
   text	   data	    bss	    dec	    hex	filename
  23816	   1188	  22584	  47588	   b9e4	ex4.elf
'Finished building: ex4.elf.size'
' '

11:42:19 Build Finished (took 2s.37ms)

