15:59:55 **** Auto Build of configuration Debug for project exercise_8a ****
make pre-build main-build 
a9-linaro-pre-build-step
' '
'Building file: ../src/exercise_8a.c'
'Invoking: ARM v7 gcc compiler'
arm-none-eabi-gcc -Wall -O0 -g3 -c -fmessage-length=0 -MT"src/exercise_8a.o" -mcpu=cortex-a9 -mfpu=vfpv3 -mfloat-abi=hard -I../../exercise_8a_bsp/ps7_cortexa9_0/include -MMD -MP -MF"src/exercise_8a.d" -MT"src/exercise_8a.o" -o "src/exercise_8a.o" "../src/exercise_8a.c"
../src/exercise_8a.c: In function 'main':
../src/exercise_8a.c:18:6: warning: variable 'result' set but not used [-Wunused-but-set-variable]
  u32 result;
      ^~~~~~
'Finished building: ../src/exercise_8a.c'
' '
'Building target: exercise_8a.elf'
'Invoking: ARM v7 gcc linker'
arm-none-eabi-gcc -mcpu=cortex-a9 -mfpu=vfpv3 -mfloat-abi=hard -Wl,-build-id=none -specs=Xilinx.spec -Wl,-T -Wl,../src/lscript.ld -L../../exercise_8a_bsp/ps7_cortexa9_0/lib -o "exercise_8a.elf"  ./src/exercise_8a.o   -Wl,--start-group,-lxil,-lgcc,-lc,--end-group
'Finished building target: exercise_8a.elf'
' '
'Invoking: ARM v7 Print Size'
arm-none-eabi-size exercise_8a.elf  |tee "exercise_8a.elf.size"
   text	   data	    bss	    dec	    hex	filename
  19912	   1156	  22584	  43652	   aa84	exercise_8a.elf
'Finished building: exercise_8a.elf.size'
' '

15:59:57 Build Finished (took 1s.162ms)

