19:46:58 **** Build of configuration Debug for project exercise_3 ****
make pre-build main-build 
a9-linaro-pre-build-step
' '
'Building file: ../src/exercise_3.c'
'Invoking: ARM v7 gcc compiler'
arm-none-eabi-gcc -Wall -O0 -g3 -c -fmessage-length=0 -MT"src/exercise_3.o" -mcpu=cortex-a9 -mfpu=vfpv3 -mfloat-abi=hard -I../../exercise_3_bsp/ps7_cortexa9_0/include -MMD -MP -MF"src/exercise_3.d" -MT"src/exercise_3.o" -o "src/exercise_3.o" "../src/exercise_3.c"
'Finished building: ../src/exercise_3.c'
' '
'Building target: exercise_3.elf'
'Invoking: ARM v7 gcc linker'
arm-none-eabi-gcc -mcpu=cortex-a9 -mfpu=vfpv3 -mfloat-abi=hard -Wl,-build-id=none -specs=Xilinx.spec -Wl,-T -Wl,../src/lscript.ld -L../../exercise_3_bsp/ps7_cortexa9_0/lib -o "exercise_3.elf"  ./src/exercise_3.o   -Wl,--start-group,-lxil,-lgcc,-lc,--end-group
'Finished building target: exercise_3.elf'
' '
'Invoking: ARM v7 Print Size'
arm-none-eabi-size exercise_3.elf  |tee "exercise_3.elf.size"
   text	   data	    bss	    dec	    hex	filename
  23492	   1188	   8240	  32920	   8098	exercise_3.elf
'Finished building: exercise_3.elf.size'
' '

19:47:01 Build Finished (took 2s.211ms)

