12:59:03 **** Auto Build of configuration Debug for project exercise_6 ****
make pre-build main-build 
a9-linaro-pre-build-step
' '
'Building file: ../src/main.c'
'Invoking: ARM v7 gcc compiler'
arm-none-eabi-gcc -Wall -O0 -g3 -c -fmessage-length=0 -MT"src/main.o" -mcpu=cortex-a9 -mfpu=vfpv3 -mfloat-abi=hard -I../../exercise_6_bsp/ps7_cortexa9_0/include -MMD -MP -MF"src/main.d" -MT"src/main.o" -o "src/main.o" "../src/main.c"
'Finished building: ../src/main.c'
' '
'Building target: exercise_6.elf'
'Invoking: ARM v7 gcc linker'
arm-none-eabi-gcc -mcpu=cortex-a9 -mfpu=vfpv3 -mfloat-abi=hard -Wl,-build-id=none -specs=Xilinx.spec -Wl,-T -Wl,../src/lscript.ld -L../../exercise_6_bsp/ps7_cortexa9_0/lib -o "exercise_6.elf"  ./src/main.o   -Wl,--start-group,-lxil,-lgcc,-lc,--end-group
'Finished building target: exercise_6.elf'
' '
'Invoking: ARM v7 Print Size'
arm-none-eabi-size exercise_6.elf  |tee "exercise_6.elf.size"
   text	   data	    bss	    dec	    hex	filename
  24740	   1164	  22664	  48568	   bdb8	exercise_6.elf
'Finished building: exercise_6.elf.size'
' '

12:59:04 Build Finished (took 1s.252ms)

