15:24:48 **** Auto Build of configuration Debug for project exercise_5 ****
make pre-build main-build 
a9-linaro-pre-build-step
' '
'Building file: ../src/exercise_5.c'
'Invoking: ARM v7 gcc compiler'
arm-none-eabi-gcc -Wall -O0 -g3 -c -fmessage-length=0 -MT"src/exercise_5.o" -mcpu=cortex-a9 -mfpu=vfpv3 -mfloat-abi=hard -I../../exercise_3_bsp/ps7_cortexa9_0/include -MMD -MP -MF"src/exercise_5.d" -MT"src/exercise_5.o" -o "src/exercise_5.o" "../src/exercise_5.c"
'Finished building: ../src/exercise_5.c'
' '
'Building target: exercise_5.elf'
'Invoking: ARM v7 gcc linker'
arm-none-eabi-gcc -mcpu=cortex-a9 -mfpu=vfpv3 -mfloat-abi=hard -Wl,-build-id=none -specs=Xilinx.spec -Wl,-T -Wl,../src/lscript.ld -L../../exercise_3_bsp/ps7_cortexa9_0/lib -o "exercise_5.elf"  ./src/exercise_5.o   -Wl,--start-group,-lxil,-lgcc,-lc,--end-group
'Finished building target: exercise_5.elf'
' '
'Invoking: ARM v7 Print Size'
arm-none-eabi-size exercise_5.elf  |tee "exercise_5.elf.size"
   text	   data	    bss	    dec	    hex	filename
  22688	   1148	   8280	  32116	   7d74	exercise_5.elf
'Finished building: exercise_5.elf.size'
' '

15:24:50 Build Finished (took 1s.290ms)

